// Jest Snapshot v1, https://goo.gl/fbAQLP

exports[`docletHandlers BetterCounter handleComputed should properly handle event's doclet 1`] = `"<h3 class=\\"subsection-title\\">Computed</h3><table><thead><tr><th>Name</th></tr></thead><tbody><tr><td>message</td></tr></tbody></table>"`;

exports[`docletHandlers BetterCounter handleData should properly handle event's doclet 1`] = `"<h3 class=\\"subsection-title\\">Computed</h3><table><thead><tr><th>Name</th></tr></thead><tbody><tr><td>message</td></tr></tbody></table><h3 class=\\"subsection-title\\">Data</h3><table><thead><tr><th>Name</th></tr></thead><tbody><tr><td>counter</td></tr></tbody></table>"`;

exports[`docletHandlers BetterCounter handleMethods should properly handle event's doclet 1`] = `"<h3 class=\\"subsection-title\\">Computed</h3><table><thead><tr><th>Name</th></tr></thead><tbody><tr><td>message</td></tr></tbody></table><h3 class=\\"subsection-title\\">Data</h3><table><thead><tr><th>Name</th></tr></thead><tbody><tr><td>counter</td></tr></tbody></table>"`;

exports[`docletHandlers BetterCounter handleProps should properly handle event's doclet 1`] = `"<h3 class=\\"subsection-title\\">Computed</h3><table><thead><tr><th>Name</th></tr></thead><tbody><tr><td>message</td></tr></tbody></table><h3 class=\\"subsection-title\\">Data</h3><table><thead><tr><th>Name</th></tr></thead><tbody><tr><td>counter</td></tr></tbody></table><h3 class=\\"subsection-title\\">Props</h3><table><thead><tr><th>Name</th><th>Type</th><th>Required</th><th>Default value</th></tr></thead><tbody><tr><td>initialCounter</td><td>Number</td><td><b>true</b></td><td></td></tr><tr><td>step</td><td>Number</td><td>false</td><td>1</td></tr></tbody></table>"`;

exports[`docletHandlers EmptyComponent handleComputed should properly handle event's doclet 1`] = `"<h3 class=\\"subsection-title\\">Computed</h3><p>No computed data to display.</p>"`;

exports[`docletHandlers EmptyComponent handleData should properly handle event's doclet 1`] = `"<h3 class=\\"subsection-title\\">Computed</h3><p>No computed data to display.</p><h3 class=\\"subsection-title\\">Data</h3><p>No data to display.</p>"`;

exports[`docletHandlers EmptyComponent handleMethods should properly handle event's doclet 1`] = `"<h3 class=\\"subsection-title\\">Computed</h3><p>No computed data to display.</p><h3 class=\\"subsection-title\\">Data</h3><p>No data to display.</p>"`;

exports[`docletHandlers EmptyComponent handleProps should properly handle event's doclet 1`] = `"<h3 class=\\"subsection-title\\">Computed</h3><p>No computed data to display.</p><h3 class=\\"subsection-title\\">Data</h3><p>No data to display.</p><h3 class=\\"subsection-title\\">Props</h3><p>No props to display.</p>"`;
