// Jest Snapshot v1, https://goo.gl/fbAQLP

exports[`core.renderer core.renderer.default 1`] = `"</p></div></div><div class=\\"container-overview\\"><div><p>"`;

exports[`core.renderer core.renderer.default 2`] = `"[object Object],[object Object]</p></div></div><div class=\\"container-overview\\"><div><p>"`;

exports[`core.renderer core.renderer.default 3`] = `"</p></div></div><h3 class=\\"subsection-title\\">Props</h3>[{\\"name\\":\\"counter\\",\\"type\\":{\\"names\\":[\\"Number\\"]},\\"description\\":\\"Current counter's value\\"}]<div class=\\"container-overview\\"><div><p>"`;

exports[`core.renderer core.renderer.default 4`] = `"</p></div></div><h3 class=\\"subsection-title\\">Data</h3>[{\\"name\\":\\"message\\",\\"type\\":{\\"names\\":[\\"String\\"]},\\"description\\":\\"A message\\"}]<div class=\\"container-overview\\"><div><p>"`;

exports[`core.renderer core.renderer.default 5`] = `"[object Object],[object Object]</p></div></div><h3 class=\\"subsection-title\\">Props</h3>[{\\"name\\":\\"counter\\",\\"type\\":{\\"names\\":[\\"Number\\"]},\\"description\\":\\"Current counter's value\\"}]<h3 class=\\"subsection-title\\">Data</h3>[{\\"name\\":\\"message\\",\\"type\\":{\\"names\\":[\\"String\\"]},\\"description\\":\\"A message\\"}]<div class=\\"container-overview\\"><div><p>"`;

exports[`core.renderer core.renderer.docstrap 1`] = `"</p></div></div><div class=\\"container-overview\\"><div><p>"`;

exports[`core.renderer core.renderer.docstrap 2`] = `"[object Object],[object Object]</p></div></div><div class=\\"container-overview\\"><div><p>"`;

exports[`core.renderer core.renderer.docstrap 3`] = `"</p></div></div><h3 class=\\"subsection-title\\">Props</h3>[{\\"name\\":\\"counter\\",\\"type\\":{\\"names\\":[\\"Number\\"]},\\"description\\":\\"Current counter's value\\"}]<div class=\\"container-overview\\"><div><p>"`;

exports[`core.renderer core.renderer.docstrap 4`] = `"</p></div></div><h3 class=\\"subsection-title\\">Data</h3>[{\\"name\\":\\"message\\",\\"type\\":{\\"names\\":[\\"String\\"]},\\"description\\":\\"A message\\"}]<div class=\\"container-overview\\"><div><p>"`;

exports[`core.renderer core.renderer.docstrap 5`] = `"[object Object],[object Object]</p></div></div><h3 class=\\"subsection-title\\">Props</h3>[{\\"name\\":\\"counter\\",\\"type\\":{\\"names\\":[\\"Number\\"]},\\"description\\":\\"Current counter's value\\"}]<h3 class=\\"subsection-title\\">Data</h3>[{\\"name\\":\\"message\\",\\"type\\":{\\"names\\":[\\"String\\"]},\\"description\\":\\"A message\\"}]<div class=\\"container-overview\\"><div><p>"`;

exports[`core.renderer core.renderer.minami 1`] = `"</p></div></div><div class=\\"container-overview\\"><div><p>"`;

exports[`core.renderer core.renderer.minami 2`] = `"[object Object],[object Object]</p></div></div><div class=\\"container-overview\\"><div><p>"`;

exports[`core.renderer core.renderer.minami 3`] = `"</p></div></div><h3 class=\\"subsection-title\\">Props</h3>[{\\"name\\":\\"counter\\",\\"type\\":{\\"names\\":[\\"Number\\"]},\\"description\\":\\"Current counter's value\\"}]<div class=\\"container-overview\\"><div><p>"`;

exports[`core.renderer core.renderer.minami 4`] = `"</p></div></div><h3 class=\\"subsection-title\\">Data</h3>[{\\"name\\":\\"message\\",\\"type\\":{\\"names\\":[\\"String\\"]},\\"description\\":\\"A message\\"}]<div class=\\"container-overview\\"><div><p>"`;

exports[`core.renderer core.renderer.minami 5`] = `"[object Object],[object Object]</p></div></div><h3 class=\\"subsection-title\\">Props</h3>[{\\"name\\":\\"counter\\",\\"type\\":{\\"names\\":[\\"Number\\"]},\\"description\\":\\"Current counter's value\\"}]<h3 class=\\"subsection-title\\">Data</h3>[{\\"name\\":\\"message\\",\\"type\\":{\\"names\\":[\\"String\\"]},\\"description\\":\\"A message\\"}]<div class=\\"container-overview\\"><div><p>"`;

exports[`core.renderer core.renderer.pixi 1`] = `"</p></div></div><div class=\\"container-overview\\"><div><p>"`;

exports[`core.renderer core.renderer.pixi 2`] = `"[object Object],[object Object]</p></div></div><div class=\\"container-overview\\"><div><p>"`;

exports[`core.renderer core.renderer.pixi 3`] = `"</p></div></div><h3 class=\\"subsection-title\\">Props</h3>[{\\"name\\":\\"counter\\",\\"type\\":{\\"names\\":[\\"Number\\"]},\\"description\\":\\"Current counter's value\\"}]<div class=\\"container-overview\\"><div><p>"`;

exports[`core.renderer core.renderer.pixi 4`] = `"</p></div></div><h3 class=\\"subsection-title\\">Data</h3>[{\\"name\\":\\"message\\",\\"type\\":{\\"names\\":[\\"String\\"]},\\"description\\":\\"A message\\"}]<div class=\\"container-overview\\"><div><p>"`;

exports[`core.renderer core.renderer.pixi 5`] = `"[object Object],[object Object]</p></div></div><h3 class=\\"subsection-title\\">Props</h3>[{\\"name\\":\\"counter\\",\\"type\\":{\\"names\\":[\\"Number\\"]},\\"description\\":\\"Current counter's value\\"}]<h3 class=\\"subsection-title\\">Data</h3>[{\\"name\\":\\"message\\",\\"type\\":{\\"names\\":[\\"String\\"]},\\"description\\":\\"A message\\"}]<div class=\\"container-overview\\"><div><p>"`;

exports[`core.renderer core.renderer.tui 1`] = `"</p></div></div><div class=\\"container-overview\\"><div><p>"`;

exports[`core.renderer core.renderer.tui 2`] = `"[object Object],[object Object]</p></div></div><div class=\\"container-overview\\"><div><p>"`;

exports[`core.renderer core.renderer.tui 3`] = `"</p></div></div><h3 class=\\"subsection-title\\">Props</h3>[{\\"name\\":\\"counter\\",\\"type\\":{\\"names\\":[\\"Number\\"]},\\"description\\":\\"Current counter's value\\"}]<div class=\\"container-overview\\"><div><p>"`;

exports[`core.renderer core.renderer.tui 4`] = `"</p></div></div><h3 class=\\"subsection-title\\">Data</h3>[{\\"name\\":\\"message\\",\\"type\\":{\\"names\\":[\\"String\\"]},\\"description\\":\\"A message\\"}]<div class=\\"container-overview\\"><div><p>"`;

exports[`core.renderer core.renderer.tui 5`] = `"[object Object],[object Object]</p></div></div><h3 class=\\"subsection-title\\">Props</h3>[{\\"name\\":\\"counter\\",\\"type\\":{\\"names\\":[\\"Number\\"]},\\"description\\":\\"Current counter's value\\"}]<h3 class=\\"subsection-title\\">Data</h3>[{\\"name\\":\\"message\\",\\"type\\":{\\"names\\":[\\"String\\"]},\\"description\\":\\"A message\\"}]<div class=\\"container-overview\\"><div><p>"`;
